
> levelup-edu@0.1.0 build
> next build

  Γû▓ Next.js 14.2.35
  - Environments: .env.local

   Creating an optimized production build ...
 Γ£ô Compiled successfully
   Linting and checking validity of types ...
   Collecting page data ...
   Generating static pages (0/14) ...
Firebase initialized with fallback config.
Firebase initialized with fallback config.
Firebase initialized with fallback config.
   Generating static pages (3/14) 
Firebase initialized with fallback config.
Firebase initialized with fallback config.
Firebase initialized with fallback config.
   Generating static pages (6/14) 
Firebase initialized with fallback config.
Firebase initialized with fallback config.
Firebase initialized with fallback config.
Firebase initialized with fallback config.
   Generating static pages (10/14) 
 Γ£ô Generating static pages (14/14)
   Finalizing page optimization ...
   Collecting build traces ...

Route (app)                              Size     First Load JS
Γöî Γùï /                                    4.47 kB         280 kB
Γö£ Γùï /_not-found                          873 B          88.2 kB
Γö£ Γùï /admin                               14 kB           440 kB
Γö£ ╞Æ /api/auth/dev-login                  0 B                0 B
Γö£ Γùï /developer                           9.04 kB         298 kB
Γö£ Γùï /halloffame                          7.53 kB         328 kB
Γö£ Γùï /portal                              3.77 kB         303 kB
Γö£ Γùï /prize                               5.2 kB          566 kB
Γö£ ╞Æ /s/[schoolId]                        1.32 kB         250 kB
Γö£ Γùï /showcase                            174 B          96.2 kB
Γö£ Γùï /student                             7.88 kB         416 kB
Γöö Γùï /teacher                             6.95 kB         310 kB
+ First Load JS shared by all            87.3 kB
  Γö£ chunks/117-ccfd45bc16f40e92.js       31.7 kB
  Γö£ chunks/fd9d1056-ad15f396ddf9b7e5.js  53.6 kB
  Γöö other shared chunks (total)          1.96 kB


╞Æ Middleware                             25.8 kB

Γùï  (Static)   prerendered as static content
╞Æ  (Dynamic)  server-rendered on demand

